// Jest Snapshot v1, https://goo.gl/fbAQLP

exports[`App It renders 1`] = `
<div
  className="index-module_base__2Ie5h "
>
  <div
    className="index-module_graphic__QVyjs index-module_before__1gOjV"
  >
    <div>
      <div
        style={
          Object {
            "height": 2041.1733333333334,
            "transform": "translateX(-256px) scale(0.3) translateY(NaNpx)",
            "transformOrigin": "50% 0px",
            "width": 1024,
          }
        }
      >
        <img
          src="cave.png"
          style={
            Object {
              "height": 2041.1733333333334,
              "maxWidth": "1000%",
              "width": 1024,
            }
          }
        />
      </div>
    </div>
  </div>
</div>
`;
